traffic.c:10:6:turnOnRed1	8	static
traffic.c:13:6:turnOffRed1	8	static
traffic.c:16:6:toggleRed1	8	static
traffic.c:20:6:turnOnYellow1	8	static
traffic.c:23:6:turnOffYellow1	8	static
traffic.c:26:6:toggleYellow1	8	static
traffic.c:30:6:turnOnGreen1	8	static
traffic.c:33:6:turnOffGreen1	8	static
traffic.c:36:6:toggleGreen1	8	static
traffic.c:42:6:turnOnRed2	8	static
traffic.c:45:6:turnOffRed2	8	static
traffic.c:48:6:toggleRed2	8	static
traffic.c:52:6:turnOnYellow2	8	static
traffic.c:55:6:turnOffYellow2	8	static
traffic.c:58:6:toggleYellow2	8	static
traffic.c:62:6:turnOnGreen2	8	static
traffic.c:65:6:turnOffGreen2	8	static
traffic.c:68:6:toggleGreen2	8	static
traffic.c:72:6:turnOffAll	8	static
